// Jest Snapshot v1, https://goo.gl/fbAQLP

exports[`renders without crashing 1`] = `
<BrowserRouter>
  <Header />
  <Switch>
    <Route
      component={[Function]}
      exact={true}
      path="(/|/home)"
    />
    <Route
      component={[Function]}
      exact={true}
      path="/workouts"
    />
    <Route
      component={[Function]}
      exact={true}
      path="/workoutsapi"
    />
    <Route
      component={[Function]}
      exact={true}
      path="/workoutsreact"
    />
  </Switch>
  <ToastContainer
    autoClose={3000}
    bodyClassName={null}
    className={null}
    closeButton={
      <CloseButton
        ariaLabel="close"
      />
    }
    closeOnClick={true}
    draggable={true}
    draggablePercent={80}
    hideProgressBar={false}
    newestOnTop={false}
    pauseOnFocusLoss={true}
    pauseOnHover={true}
    position="top-right"
    progressClassName={null}
    progressStyle={null}
    rtl={false}
    style={null}
    toastClassName={null}
    transition={[Function]}
  />
  <Footer />
</BrowserRouter>
`;
